/home/magnusmeldgaard/tb3_devspace/install/tb3_remote_control/lib/python3.12/site-packages/tb3_remote_control/test.py
/home/magnusmeldgaard/tb3_devspace/install/tb3_remote_control/lib/python3.12/site-packages/tb3_remote_control/streamAudioWrt.py
/home/magnusmeldgaard/tb3_devspace/install/tb3_remote_control/lib/python3.12/site-packages/tb3_remote_control/streamAudio.py
/home/magnusmeldgaard/tb3_devspace/install/tb3_remote_control/lib/python3.12/site-packages/tb3_remote_control/__init__.py
/home/magnusmeldgaard/tb3_devspace/install/tb3_remote_control/lib/python3.12/site-packages/tb3_remote_control/audio_drive.py
/home/magnusmeldgaard/tb3_devspace/install/tb3_remote_control/lib/python3.12/site-packages/tb3_remote_control/nav2_goal_node.py
/home/magnusmeldgaard/tb3_devspace/install/tb3_remote_control/lib/python3.12/site-packages/tb3_remote_control/file.py
/home/magnusmeldgaard/tb3_devspace/install/tb3_remote_control/lib/python3.12/site-packages/tb3_remote_control/drive_forward_10cm.py
/home/magnusmeldgaard/tb3_devspace/install/tb3_remote_control/lib/python3.12/site-packages/tb3_remote_control/stream_drive.py
/home/magnusmeldgaard/tb3_devspace/install/tb3_remote_control/lib/python3.12/site-packages/tb3_remote_control/__pycache__/test.cpython-312.pyc
/home/magnusmeldgaard/tb3_devspace/install/tb3_remote_control/lib/python3.12/site-packages/tb3_remote_control/__pycache__/streamAudioWrt.cpython-312.pyc
/home/magnusmeldgaard/tb3_devspace/install/tb3_remote_control/lib/python3.12/site-packages/tb3_remote_control/__pycache__/streamAudio.cpython-312.pyc
/home/magnusmeldgaard/tb3_devspace/install/tb3_remote_control/lib/python3.12/site-packages/tb3_remote_control/__pycache__/__init__.cpython-312.pyc
/home/magnusmeldgaard/tb3_devspace/install/tb3_remote_control/lib/python3.12/site-packages/tb3_remote_control/__pycache__/audio_drive.cpython-312.pyc
/home/magnusmeldgaard/tb3_devspace/install/tb3_remote_control/lib/python3.12/site-packages/tb3_remote_control/__pycache__/nav2_goal_node.cpython-312.pyc
/home/magnusmeldgaard/tb3_devspace/install/tb3_remote_control/lib/python3.12/site-packages/tb3_remote_control/__pycache__/file.cpython-312.pyc
/home/magnusmeldgaard/tb3_devspace/install/tb3_remote_control/lib/python3.12/site-packages/tb3_remote_control/__pycache__/drive_forward_10cm.cpython-312.pyc
/home/magnusmeldgaard/tb3_devspace/install/tb3_remote_control/lib/python3.12/site-packages/tb3_remote_control/__pycache__/stream_drive.cpython-312.pyc
/home/magnusmeldgaard/tb3_devspace/install/tb3_remote_control/share/ament_index/resource_index/packages/tb3_remote_control
/home/magnusmeldgaard/tb3_devspace/install/tb3_remote_control/share/tb3_remote_control/package.xml
/home/magnusmeldgaard/tb3_devspace/install/tb3_remote_control/share/tb3_remote_control/launch/drive_forward.launch.py
/home/magnusmeldgaard/tb3_devspace/install/tb3_remote_control/lib/python3.12/site-packages/tb3_remote_control-0.0.1-py3.12.egg-info/SOURCES.txt
/home/magnusmeldgaard/tb3_devspace/install/tb3_remote_control/lib/python3.12/site-packages/tb3_remote_control-0.0.1-py3.12.egg-info/top_level.txt
/home/magnusmeldgaard/tb3_devspace/install/tb3_remote_control/lib/python3.12/site-packages/tb3_remote_control-0.0.1-py3.12.egg-info/requires.txt
/home/magnusmeldgaard/tb3_devspace/install/tb3_remote_control/lib/python3.12/site-packages/tb3_remote_control-0.0.1-py3.12.egg-info/zip-safe
/home/magnusmeldgaard/tb3_devspace/install/tb3_remote_control/lib/python3.12/site-packages/tb3_remote_control-0.0.1-py3.12.egg-info/PKG-INFO
/home/magnusmeldgaard/tb3_devspace/install/tb3_remote_control/lib/python3.12/site-packages/tb3_remote_control-0.0.1-py3.12.egg-info/dependency_links.txt
/home/magnusmeldgaard/tb3_devspace/install/tb3_remote_control/lib/python3.12/site-packages/tb3_remote_control-0.0.1-py3.12.egg-info/entry_points.txt
/home/magnusmeldgaard/tb3_devspace/install/tb3_remote_control/lib/tb3_remote_control/audio_drive.py
/home/magnusmeldgaard/tb3_devspace/install/tb3_remote_control/lib/tb3_remote_control/drive_forward_10cm
/home/magnusmeldgaard/tb3_devspace/install/tb3_remote_control/lib/tb3_remote_control/file
/home/magnusmeldgaard/tb3_devspace/install/tb3_remote_control/lib/tb3_remote_control/nav2_goal_node
/home/magnusmeldgaard/tb3_devspace/install/tb3_remote_control/lib/tb3_remote_control/steam_drive.py
/home/magnusmeldgaard/tb3_devspace/install/tb3_remote_control/lib/tb3_remote_control/streamAudio.py
/home/magnusmeldgaard/tb3_devspace/install/tb3_remote_control/lib/tb3_remote_control/streamAudioWrt.py
/home/magnusmeldgaard/tb3_devspace/install/tb3_remote_control/lib/tb3_remote_control/test.py
